// Jest Snapshot v1, https://goo.gl/fbAQLP

exports[`Request component renders Request 1`] = `
<DocumentFragment>
  <div
    class="Request"
  >
    <div
      class="row"
    >
      <div
        class="center"
      >
        <div
          class="radiobutton"
        >
          <input
            class="input"
            name="button"
            type="radio"
            value="GET"
          />
          <label
            class="label"
          >
            GET
          </label>
        </div>
        <div
          class="radiobutton"
        >
          <input
            checked=""
            class="input"
            name="button"
            type="radio"
            value="POST"
          />
          <label
            class="label"
          >
            POST
          </label>
        </div>
        <div
          class="radiobutton"
        >
          <input
            class="input"
            name="button"
            type="radio"
            value="PUT"
          />
          <label
            class="label"
          >
            PUT
          </label>
        </div>
        <div
          class="radiobutton"
        >
          <input
            class="input"
            name="button"
            type="radio"
            value="DELETE"
          />
          <label
            class="label"
          >
            DELETE
          </label>
        </div>
      </div>
      <div
        class="column"
      >
        <div
          class="row"
        >
          <input
            class="urlinput"
            name="url"
            type="text"
            value="https://reqres.in/api/users"
          />
          <button
            class="submitbutton"
            type="button"
          >
            Submit
          </button>
        </div>
        <textarea
          class="textinput"
          name="inputField"
        >
          {"name": "sasa","job": "leader"}
        </textarea>
      </div>
    </div>
  </div>
</DocumentFragment>
`;
