// Jest Snapshot v1, https://goo.gl/fbAQLP

exports[`Header component renders Header 1`] = `
<DocumentFragment>
  <div>
    <section
      class="sc-bdfBwQ fjWVDf"
    >
      <h1
        class="sc-gsTCUz diFLCK"
      >
        Welcome to RESTY!
      </h1>
    </section>
  </div>
</DocumentFragment>
`;
